src/App.tsx(118,39): error TS2339: Property 'token' does not exist on type 'AuthState'.
src/hooks/useSocket.ts(9,39): error TS2339: Property 'token' does not exist on type 'AuthState'.
src/hooks/useSocket.ts(23,34): error TS2554: Expected 0 arguments, but got 1.
src/hooks/useSocket.ts(179,9): error TS2345: Argument of type '(old: { pages: { success: boolean; conversations: { [key: string]: unknown; id: string; lastMessageAt: number | null; lastMessage?: Message | null | undefined; unreadCount: number; }[]; hasMore: boolean; }[]; pageParams: unknown[]; } | undefined) => { ...; } | undefined' is not assignable to parameter of type 'Updater<{ pages: { success: boolean; conversations: { [key: string]: unknown; id: string; lastMessageAt: number | null; lastMessage?: Message | null | undefined; unreadCount: number; }[]; hasMore: boolean; }[]; pageParams: unknown[]; } | undefined, { ...; } | undefined>'.
  Type '(old: { pages: { success: boolean; conversations: { [key: string]: unknown; id: string; lastMessageAt: number | null; lastMessage?: Message | null | undefined; unreadCount: number; }[]; hasMore: boolean; }[]; pageParams: unknown[]; } | undefined) => { ...; } | undefined' is not assignable to type '(input: { pages: { success: boolean; conversations: { [key: string]: unknown; id: string; lastMessageAt: number | null; lastMessage?: Message | null | undefined; unreadCount: number; }[]; hasMore: boolean; }[]; pageParams: unknown[]; } | undefined) => { ...; } | undefined'.
    Type '{ pages: { conversations: ({ [key: string]: unknown; id: string; lastMessageAt: number | null; lastMessage?: Message | null | undefined; unreadCount: number; } | { adminUnreadCount?: number | undefined; unreadCount: number; lastMessageAt: number | undefined; lastMessage: Message | undefined; id: string; })[]; succes...' is not assignable to type '{ pages: { success: boolean; conversations: { [key: string]: unknown; id: string; lastMessageAt: number | null; lastMessage?: Message | null | undefined; unreadCount: number; }[]; hasMore: boolean; }[]; pageParams: unknown[]; } | undefined'.
      Type '{ pages: { conversations: ({ [key: string]: unknown; id: string; lastMessageAt: number | null; lastMessage?: Message | null; unreadCount: number; } | { adminUnreadCount?: number | undefined; unreadCount: number; lastMessageAt: number | undefined; lastMessage: Message | undefined; id: string; })[]; success: boolean; ...' is not assignable to type '{ pages: { success: boolean; conversations: { [key: string]: unknown; id: string; lastMessageAt: number | null; lastMessage?: Message | null | undefined; unreadCount: number; }[]; hasMore: boolean; }[]; pageParams: unknown[]; }'.
        Types of property 'pages' are incompatible.
          Type '{ conversations: ({ [key: string]: unknown; id: string; lastMessageAt: number | null; lastMessage?: Message | null | undefined; unreadCount: number; } | { adminUnreadCount?: number | undefined; unreadCount: number; lastMessageAt: number | undefined; lastMessage: Message | undefined; id: string; })[]; success: boolea...' is not assignable to type '{ success: boolean; conversations: { [key: string]: unknown; id: string; lastMessageAt: number | null; lastMessage?: Message | null | undefined; unreadCount: number; }[]; hasMore: boolean; }[]'.
            Type '{ conversations: ({ [key: string]: unknown; id: string; lastMessageAt: number | null; lastMessage?: Message | null; unreadCount: number; } | { adminUnreadCount?: number | undefined; unreadCount: number; lastMessageAt: number | undefined; lastMessage: Message | undefined; id: string; })[]; success: boolean; hasMore: ...' is not assignable to type '{ success: boolean; conversations: { [key: string]: unknown; id: string; lastMessageAt: number | null; lastMessage?: Message | null | undefined; unreadCount: number; }[]; hasMore: boolean; }'.
              Types of property 'conversations' are incompatible.
                Type '({ [key: string]: unknown; id: string; lastMessageAt: number | null; lastMessage?: Message | null | undefined; unreadCount: number; } | { adminUnreadCount?: number | undefined; unreadCount: number; lastMessageAt: number | undefined; lastMessage: Message | undefined; id: string; })[]' is not assignable to type '{ [key: string]: unknown; id: string; lastMessageAt: number | null; lastMessage?: Message | null | undefined; unreadCount: number; }[]'.
                  Type '{ [key: string]: unknown; id: string; lastMessageAt: number | null; lastMessage?: Message | null | undefined; unreadCount: number; } | { adminUnreadCount?: number | undefined; unreadCount: number; lastMessageAt: number | undefined; lastMessage: Message | undefined; id: string; }' is not assignable to type '{ [key: string]: unknown; id: string; lastMessageAt: number | null; lastMessage?: Message | null | undefined; unreadCount: number; }'.
                    Type '{ adminUnreadCount?: number | undefined; unreadCount: number; lastMessageAt: number | undefined; lastMessage: Message | undefined; id: string; }' is not assignable to type '{ [key: string]: unknown; id: string; lastMessageAt: number | null; lastMessage?: Message | null | undefined; unreadCount: number; }'.
                      Types of property 'lastMessageAt' are incompatible.
                        Type 'number | undefined' is not assignable to type 'number | null'.
                          Type 'undefined' is not assignable to type 'number | null'.
src/hooks/useSocket.ts(203,9): error TS2345: Argument of type '(old: { success: boolean; conversation: { [key: string]: unknown; id: string; unreadCount: number; lastMessageAt: number | null; } | null; } | undefined) => { success: boolean; conversation: { ...; } | null; } | { ...; } | undefined' is not assignable to parameter of type 'Updater<{ success: boolean; conversation: { [key: string]: unknown; id: string; unreadCount: number; lastMessageAt: number | null; } | null; } | undefined, { success: boolean; conversation: { [key: string]: unknown; id: string; unreadCount: number; lastMessageAt: number | null; } | null; } | undefined>'.
  Type '(old: { success: boolean; conversation: { [key: string]: unknown; id: string; unreadCount: number; lastMessageAt: number | null; } | null; } | undefined) => { success: boolean; conversation: { ...; } | null; } | { ...; } | undefined' is not assignable to type '(input: { success: boolean; conversation: { [key: string]: unknown; id: string; unreadCount: number; lastMessageAt: number | null; } | null; } | undefined) => { success: boolean; conversation: { ...; } | null; } | undefined'.
    Type '{ success: boolean; conversation: { [key: string]: unknown; id: string; unreadCount: number; lastMessageAt: number | null; } | null; } | { conversation: { unreadCount: number; lastMessageAt: number | undefined; id: string; }; success: boolean; } | undefined' is not assignable to type '{ success: boolean; conversation: { [key: string]: unknown; id: string; unreadCount: number; lastMessageAt: number | null; } | null; } | undefined'.
      Type '{ conversation: { unreadCount: number; lastMessageAt: number | undefined; id: string; }; success: boolean; }' is not assignable to type '{ success: boolean; conversation: { [key: string]: unknown; id: string; unreadCount: number; lastMessageAt: number | null; } | null; }'.
        The types of 'conversation.lastMessageAt' are incompatible between these types.
          Type 'number | undefined' is not assignable to type 'number | null'.
            Type 'undefined' is not assignable to type 'number | null'.
src/pages/admin/ConversationsPage.tsx(37,41): error TS6133: 'SearchResults' is declared but its value is never read.
src/pages/ChatPage.tsx(5,1): error TS6133: 'parseTimestamp' is declared but its value is never read.
src/pages/SettingsPage.tsx(98,42): error TS2339: Property 'setToken' does not exist on type 'AuthState'.
src/stores/authStore.ts(93,34): error TS6133: 'state' is declared but its value is never read.
